// Vitest Snapshot v1

exports[`ProjectHeader > renders properly 1`] = `"Project 1"`;
